============================================================
  AI-Driven Diabetes Detection Training Pipeline
  TabNet + SMOTE + Stratified K-Fold + Optuna + SHAP
============================================================

[1/6] Loading dataset...
  Dataset: 768 samples, 9 columns
  Class distribution: {np.int64(0): np.int64(500), np.int64(1): np.int64(268)}

[2/6] Preprocessing...

[3/6] Hyperparameter tuning with Optuna...
  Optuna tuning (1 trials, 3-fold CV each)...
D:\2026\diabetes-detection\.venv\Scripts\python.exe : 
At line:1 char:1
+ D:\2026\diabetes-detection\.venv\Scripts\python.exe -u D:\2026\diabet ...
+ ~~~~~~~~~~~~~~~~~~~~~~~~~~~~~~~~~~~~~~~~~~~~~~~~~~~~~~~~~~~~~~~~~~~~~
    + CategoryInfo          : NotSpecified: (:String) [], RemoteException
    + FullyQualifiedErrorId : NativeCommandError
 
Stop training because you reached max_epochs = 5 with best_epoch = 3 and best_val_0_auc = 0.77436
Stop training because you reached max_epochs = 5 with best_epoch = 4 and best_val_0_auc = 0.80684
Stop training because you reached max_epochs = 5 with best_epoch = 3 and best_val_0_auc = 0.79688
  0%|          | 0/1 [00:00<?, ?it/s]
Best trial: 0. Best value: 0.792693:   0%|          | 0/1 [00:16<?, ?it/s]
Best trial: 0. Best value: 0.792693: 100%|##########| 1/1 [00:16<00:00, 
16.86s/it]
Best trial: 0. Best value: 0.792693: 100%|##########| 1/1 [00:16<00:00, 
16.86s/it]
    Best AUC: 0.7927
    Best params: {'n_d': 15, 'n_a': 9, 'n_steps': 4, 'gamma': 1.0802067048764081, 'lambda_sparse': 4.882148159533502e-06, 'momentum': 0.14135697329690924, 'mask_type': 'sparsemax', 'learning_rate': 0.01115530648646674, 'batch_size': 128}

[4/6] Training TabNet with Stratified 5-Fold CV...

  Training 5-Fold Stratified CV with SMOTE...
    SMOTE: 614 -> 800 samples (class 0: 400, class 1: 400)
Stop training because you reached max_epochs = 10 with best_epoch = 5 and best_val_0_auc = 0.83833
    Fold 1: ACC=0.7403  PREC=0.5972  REC=0.7963  F1=0.6825  AUC=0.8383
    SMOTE: 614 -> 800 samples (class 0: 400, class 1: 400)
Stop training because you reached max_epochs = 10 with best_epoch = 8 and best_val_0_auc = 0.83815
    Fold 2: ACC=0.7532  PREC=0.6333  REC=0.7037  F1=0.6667  AUC=0.8381
    SMOTE: 614 -> 800 samples (class 0: 400, class 1: 400)
Stop training because you reached max_epochs = 10 with best_epoch = 7 and best_val_0_auc = 0.80667
    Fold 3: ACC=0.7532  PREC=0.6212  REC=0.7593  F1=0.6833  AUC=0.8067
    SMOTE: 615 -> 800 samples (class 0: 400, class 1: 400)
Stop training because you reached max_epochs = 10 with best_epoch = 5 and best_val_0_auc = 0.82075
    Fold 4: ACC=0.7516  PREC=0.6087  REC=0.7925  F1=0.6885  AUC=0.8208
    SMOTE: 615 -> 800 samples (class 0: 400, class 1: 400)
Stop training because you reached max_epochs = 10 with best_epoch = 1 and best_val_0_auc = 0.78925
    Fold 5: ACC=0.7124  PREC=0.5616  REC=0.7736  F1=0.6508  AUC=0.7892

  ==================================================
  TabNet Average Results (5-Fold CV)
  ==================================================
        accuracy: 0.7422
       precision: 0.6044
          recall: 0.7651
        f1_score: 0.6744
         roc_auc: 0.8186

[5/6] Computing explainability...

  Computing SHAP values (KernelExplainer)...

  0%|          | 0/10 [00:00<?, ?it/s]
 10%|#         | 1/10 [00:00<00:03,  2.88it/s]
 30%|###       | 3/10 [00:00<00:00,  7.68it/s]
 50%|#####     | 5/10 [00:00<00:00, 11.01it/s]
 80%|########  | 8/10 [00:00<00:00, 14.57it/s]
100%|##########| 10/10 [00:00<00:00, 15.79it/s]
100%|##########| 10/10 [00:00<00:00, 12.29it/s]
  SHAP feature importance:
                         Glucose: 0.144916
                             BMI: 0.085208
                             Age: 0.066390
                     Pregnancies: 0.047724
        DiabetesPedigreeFunction: 0.040674
                   SkinThickness: 0.040086
                   BloodPressure: 0.035516
                         Insulin: 0.034832

  TabNet Attention Feature Importance:
                     Pregnancies: 1.802403
                             BMI: 1.760192
                         Glucose: 1.461345
                             Age: 1.337286
                   SkinThickness: 1.115073
                   BloodPressure: 1.064550
                         Insulin: 0.978488
        DiabetesPedigreeFunction: 0.951595

[6/6] Saving artefacts...
Successfully saved model at D:\2026\diabetes-detection\models\tabnet_model.zip

  Models & artefacts saved to D:\2026\diabetes-detection\models

============================================================
  Training pipeline complete!
============================================================
